2026-08-24 20:42:38 | login.success | auth | user:1
2026-08-24 22:06:57 | login.logout | auth | user:1
2026-08-24 22:06:59 | login.success | auth | user:1
2026-08-24 22:08:09 | login.logout | auth | user:1
2026-08-25 06:41:11 | login.success | auth | user:1
2026-08-25 06:47:40 | login.logout | auth | user:1
2026-08-25 07:03:03 | login.success | auth | user:1
2026-08-25 07:26:09 | login.logout | auth | user:1
2026-08-25 07:27:57 | login.success | auth | user:1
2026-08-25 07:30:14 | stock.create | stock | user:1
2026-08-25 07:31:48 | login.logout | auth | user:1
2026-08-25 07:32:39 | login.success | auth | user:1
2026-08-25 07:34:53 | building.create | building | user:1
2026-08-25 07:34:56 | login.logout | auth | user:1
2026-08-25 07:34:57 | login.success | auth | user:1
2026-08-25 07:34:58 | login.logout | auth | user:1
2026-08-25 07:37:07 | login.success | auth | user:1
2026-08-25 07:37:43 | building.update | building | user:1
2026-08-25 07:38:44 | room.create | room | user:1
2026-08-25 07:39:40 | login.logout | auth | user:1
2026-08-25 08:08:56 | login.success | auth | user:1
2026-08-25 08:57:23 | login.logout | auth | user:1
2026-08-25 08:57:40 | login.success | auth | user:1
2026-08-25 08:58:26 | survey.create | survey | user:1
2026-08-25 08:58:31 | login.logout | auth | user:1
2026-08-25 08:59:30 | survey.response | survey | user:-
2026-08-25 08:59:37 | login.success | auth | user:1
2026-08-25 09:01:20 | survey.question.add | survey | user:1
2026-08-25 09:01:26 | login.logout | auth | user:1
2026-08-25 09:14:27 | login.success | auth | user:1
2026-08-25 09:14:46 | report.print | report | user:1
2026-08-25 09:37:33 | backup.view | backup | user:1
2026-08-25 09:37:59 | login.logout | auth | user:1
2026-08-25 09:38:41 | login.success | auth | user:1
2026-08-25 09:38:43 | backup.view | backup | user:1
2026-08-25 09:50:13 | login.logout | auth | user:1
2026-08-25 12:13:29 | survey.response | survey | user:-
2026-08-25 13:59:39 | login.success | auth | user:1
2026-08-25 15:50:16 | login.logout | auth | user:1
2026-08-25 15:50:43 | login.success | auth | user:1
2026-08-25 15:53:56 | login.logout | auth | user:1
2026-08-25 15:57:32 | login.success | auth | user:1
2026-08-25 16:01:06 | login.logout | auth | user:1
2026-08-25 16:04:10 | login.success | auth | user:1
2026-08-25 16:06:14 | login.logout | auth | user:1
2026-08-25 16:06:43 | login.success | auth | user:1
2026-08-25 16:07:47 | login.logout | auth | user:1
2026-08-25 16:08:16 | login.success | auth | user:2
2026-08-25 16:10:28 | login.logout | auth | user:2
2026-08-25 16:10:41 | login.success | auth | user:1
2026-08-25 16:12:03 | settings.update | settings | user:1
2026-08-25 16:12:08 | login.logout | auth | user:1
2026-08-25 16:12:43 | login.success | auth | user:1
2026-08-25 16:14:16 | settings.update | settings | user:1
2026-08-25 16:14:20 | login.logout | auth | user:1
2026-08-25 16:14:31 | login.success | auth | user:1
2026-08-25 16:19:28 | floor.create | floor | user:1
2026-08-25 16:20:34 | building.update | building | user:1
2026-08-25 16:20:38 | login.logout | auth | user:1
2026-08-25 16:23:10 | room_booking.create | room_booking | user:-
2026-08-25 16:23:14 | login.success | auth | user:1
2026-08-25 16:23:38 | room_booking.disetujui | room_booking | user:1
2026-08-25 16:25:01 | room.update | room | user:1
2026-08-25 16:27:05 | login.logout | auth | user:1
2026-08-25 16:28:45 | login.success | auth | user:1
2026-08-25 16:45:48 | settings.update | settings | user:1
2026-08-25 16:45:55 | login.logout | auth | user:1
2026-08-25 16:49:03 | login.success | auth | user:1
2026-08-25 16:49:17 | settings.update | settings | user:1
2026-08-25 16:49:20 | login.logout | auth | user:1
2026-08-25 16:49:37 | login.success | auth | user:1
2026-08-25 16:55:28 | room.update | room | user:1
2026-08-25 16:55:31 | login.logout | auth | user:1
2026-08-25 18:09:19 | login.success | auth | user:1
2026-08-25 18:11:22 | template.update | letter | user:1
2026-08-25 18:11:51 | template.update | letter | user:1
2026-08-25 18:13:42 | letter.outgoing | letter | user:1
2026-08-25 18:31:56 | login.logout | auth | user:1
2026-08-25 18:39:55 | login.success | auth | user:1
2026-08-25 18:40:15 | room.update | room | user:1
2026-08-25 18:42:38 | login.logout | auth | user:1
2026-08-25 18:56:05 | login.success | auth | user:1
2026-08-25 19:02:32 | building.update | building | user:1
2026-08-25 19:02:47 | building.update | building | user:1
2026-08-25 19:03:36 | room.update | room | user:1
2026-08-25 19:03:43 | login.logout | auth | user:1
2026-08-25 20:22:25 | login.success | auth | user:1
2026-08-25 20:41:44 | settings.update | settings | user:1
2026-08-25 20:41:51 | login.logout | auth | user:1
2026-08-25 20:45:38 | login.success | auth | user:1
2026-08-25 20:46:37 | vendor.create | ticket | user:1
2026-08-25 20:52:30 | login.logout | auth | user:1
2026-08-25 20:55:34 | login.success | auth | user:1
2026-08-25 20:57:32 | backup.view | backup | user:1
2026-08-25 20:57:35 | login.logout | auth | user:1
2026-09-22 19:48:52 | login.failed | auth | user:-
2026-09-22 19:48:59 | login.success | auth | user:1
2026-09-22 19:52:42 | login.logout | auth | user:1
2026-09-22 19:52:45 | login.success | auth | user:1
2026-09-22 20:32:50 | login.logout | auth | user:1
2026-09-22 21:48:39 | login.success | auth | user:1
2026-09-22 21:56:46 | login.logout | auth | user:1
